src/infrastructure/db/schema.ts(33,24): error TS2345: Argument of type 'PgColumn<{ name: "is_baseline"; tableName: "routes"; dataType: "boolean"; columnType: "PgBoolean"; data: boolean; driverParam: boolean; notNull: true; hasDefault: true; enumValues: undefined; baseColumn: never; }, {}, {}>' is not assignable to parameter of type 'SQL<unknown>'.
  Type 'PgColumn<{ name: "is_baseline"; tableName: "routes"; dataType: "boolean"; columnType: "PgBoolean"; data: boolean; driverParam: boolean; notNull: true; hasDefault: true; enumValues: undefined; baseColumn: never; }, {}, {}>' is missing the following properties from type 'SQL<unknown>': queryChunks, shouldInlineParams, append, toQuery, and 6 more.
